-- first test some basic functionality
CREATE EXTENSION IF NOT EXISTS plclr;
NOTICE:  extension "plclr" already exists, skipping
-- simple function to get the module loaded
CREATE FUNCTION plclr_regress_simple() RETURNS int AS '/* ðŸ˜‡ */return 1;' LANGUAGE plclr;
select plclr_regress_simple();
 plclr_regress_simple 
----------------------
                    1
(1 row)

